Cloning into '/private/tmp/rivoryxa-debug-exception-review/third_party/cv32e40p'...
Updating files:   0% (1/341)
Updating files:   1% (4/341)
Updating files:   2% (7/341)
Updating files:   3% (11/341)
Updating files:   4% (14/341)
Updating files:   5% (18/341)
Updating files:   6% (21/341)
Updating files:   7% (24/341)
Updating files:   8% (28/341)
Updating files:   9% (31/341)
Updating files:  10% (35/341)
Updating files:  11% (38/341)
Updating files:  12% (41/341)
Updating files:  13% (45/341)
Updating files:  14% (48/341)
Updating files:  15% (52/341)
Updating files:  16% (55/341)
Updating files:  17% (58/341)
Updating files:  18% (62/341)
Updating files:  19% (65/341)
Updating files:  20% (69/341)
Updating files:  21% (72/341)
Updating files:  22% (76/341)
Updating files:  23% (79/341)
Updating files:  24% (82/341)
Updating files:  25% (86/341)
Updating files:  26% (89/341)
Updating files:  27% (93/341)
Updating files:  28% (96/341)
Updating files:  29% (99/341)
Updating files:  30% (103/341)
Updating files:  31% (106/341)
Updating files:  32% (110/341)
Updating files:  33% (113/341)
Updating files:  34% (116/341)
Updating files:  35% (120/341)
Updating files:  36% (123/341)
Updating files:  37% (127/341)
Updating files:  38% (130/341)
Updating files:  39% (133/341)
Updating files:  40% (137/341)
Updating files:  41% (140/341)
Updating files:  42% (144/341)
Updating files:  43% (147/341)
Updating files:  44% (151/341)
Updating files:  45% (154/341)
Updating files:  46% (157/341)
Updating files:  47% (161/341)
Updating files:  48% (164/341)
Updating files:  49% (168/341)
Updating files:  50% (171/341)
Updating files:  51% (174/341)
Updating files:  52% (178/341)
Updating files:  53% (181/341)
Updating files:  54% (185/341)
Updating files:  55% (188/341)
Updating files:  56% (191/341)
Updating files:  57% (195/341)
Updating files:  58% (198/341)
Updating files:  59% (202/341)
Updating files:  60% (205/341)
Updating files:  61% (209/341)
Updating files:  62% (212/341)
Updating files:  63% (215/341)
Updating files:  64% (219/341)
Updating files:  65% (222/341)
Updating files:  66% (226/341)
Updating files:  67% (229/341)
Updating files:  68% (232/341)
Updating files:  69% (236/341)
Updating files:  70% (239/341)
Updating files:  71% (243/341)
Updating files:  72% (246/341)
Updating files:  73% (249/341)
Updating files:  74% (253/341)
Updating files:  75% (256/341)
Updating files:  76% (260/341)
Updating files:  77% (263/341)
Updating files:  78% (266/341)
Updating files:  79% (270/341)
Updating files:  80% (273/341)
Updating files:  81% (277/341)
Updating files:  82% (280/341)
Updating files:  83% (284/341)
Updating files:  84% (287/341)
Updating files:  85% (290/341)
Updating files:  86% (294/341)
Updating files:  87% (297/341)
Updating files:  88% (301/341)
Updating files:  89% (304/341)
Updating files:  90% (307/341)
Updating files:  91% (311/341)
Updating files:  92% (314/341)
Updating files:  93% (318/341)
Updating files:  94% (321/341)
Updating files:  95% (324/341)
Updating files:  96% (328/341)
Updating files:  97% (331/341)
Updating files:  98% (335/341)
Updating files:  99% (338/341)
Updating files: 100% (341/341)
Updating files: 100% (341/341), done.

HEAD is now at 6033d2b Merge pull request #1057 from MikeOpenHWGroup/CONTRIB

6033d2b1be3295ec774d17ac4cf226faacfdeb08

